// Jest Snapshot v1, https://goo.gl/fbAQLP

exports[`checks if button component matches the snapshot 1`] = `ShallowWrapper {}`;
