// Jest Snapshot v1, https://goo.gl/fbAQLP

exports[`SearchBox Component tests checks if SearchBox container component matches the snapshot 1`] = `ShallowWrapper {}`;
